# F03/F04 生命周期与 hook 安装（restart1 全量模块行；PID 主进程/编辑时间 2026-10-06 01:00）
10-06 00:59:55.725 I/LSPosedFramework(15107): (com.ss.android.lark)[com.chekayo.feishuantirecall,FeishuKit,3b03-1a10d01f9cd-2-1,0,1] ModuleRuntime: bound gen=55fe30cf-552f-4f7b-98c6-8f4a5aafc688 process=com.ss.android.lark apk=/data/app/…/com.chekayo.feishuantirecall-…/base.apk api=102 framework=LSPosed 2.2.1
10-06 00:59:55.726 I/LSPosedFramework(15107): (com.ss.android.lark)[com.chekayo.feishuantirecall,FeishuKit,3b03-1a10d01f9cd-2-2,0,1] ModulePath: MODULE_PATH = /data/app/…/com.chekayo.feishuantirecall-…/base.apk
10-06 00:59:55.732 I/LSPosedFramework(15107): (com.ss.android.lark)[com.chekayo.feishuantirecall,FeishuKit,3b03-1a10d01f9cd-2-3,0,1] onPackageLoaded: com.ss.android.lark
10-06 00:59:55.734 I/LSPosedFramework(15107): (com.ss.android.lark)[com.chekayo.feishuantirecall,FeishuKit,3b03-1a10d01f9cd-2-4,0,1] HookRuntime: installed configbridge.callApplicationOnCreate -> android.app.Instrumentation#callApplicationOnCreate(android.app.Application)
10-06 00:59:55.734 I/LSPosedFramework(15107): (com.ss.android.lark)[com.chekayo.feishuantirecall,FeishuKit,3b03-1a10d01f9cd-2-5,0,1] onPackageReady: dispatch com.ss.android.lark (com.ss.android.lark|com.ss.android.lark|205258361)
10-06 00:59:55.736 I/LSPosedFramework(15107): (com.ss.android.lark)[com.chekayo.feishuantirecall,FeishuKit,3b03-1a10d01f9cd-2-6,0,1] HookRuntime: installed notifarchive.notify -> android.app.NotificationManager#notify(java.lang.String,int,android.app.Notification)
10-06 00:59:55.736 I/LSPosedFramework(15107): (com.ss.android.lark)[com.chekayo.feishuantirecall,FeishuKit,3b03-1a10d01f9cd-2-7,0,1] [fucklark] 后台消息存档: NotificationManager.notify 已 hook (进程 com.ss.android.lark)
10-06 00:59:55.737 I/LSPosedFramework(15107): (com.ss.android.lark)[com.chekayo.feishuantirecall,FeishuKit,3b03-1a10d01f9cd-2-8,0,1] HookRuntime: installed recallui.setText.2args -> android.widget.TextView#setText(java.lang.CharSequence,android.widget.TextView$BufferType)
10-06 00:59:55.737 I/LSPosedFramework(15107): (com.ss.android.lark)[com.chekayo.feishuantirecall,FeishuKit,3b03-1a10d01f9cd-2-9,0,1] HookRuntime: installed recallui.setText.1arg -> android.widget.TextView#setText(java.lang.CharSequence)
10-06 00:59:55.737 I/LSPosedFramework(15107): (com.ss.android.lark)[com.chekayo.feishuantirecall,FeishuKit,3b03-1a10d01f9cd-2-a,0,1] [fucklark] 后台撤回 统计/还原/提示 已 hook (进程 com.ss.android.lark)
10-06 00:59:55.738 I/LSPosedFramework(15107): (com.ss.android.lark)[com.chekayo.feishuantirecall,FeishuKit,3b03-1a10d01f9cd-2-b,0,1] HookRuntime: installed dewatermark.setForeground -> android.view.View#setForeground(android.graphics.drawable.Drawable)
10-06 00:59:55.738 I/LSPosedFramework(15107): (com.ss.android.lark)[com.chekayo.feishuantirecall,FeishuKit,3b03-1a10d01f9cd-2-c,0,1] [fucklark] 去水印: View.setForeground 已 hook (进程 com.ss.android.lark)
10-06 00:59:55.739 I/LSPosedFramework(15107): (com.ss.android.lark)[com.chekayo.feishuantirecall,FeishuKit,3b03-1a10d01f9cd-2-d,0,1] HookRuntime: installed aipeek.addView.1 -> android.view.ViewGroup#addView(android.view.View)
10-06 00:59:55.739 I/LSPosedFramework(15107): (com.ss.android.lark)[com.chekayo.feishuantirecall,FeishuKit,3b03-1a10d01f9cd-2-e,0,1] HookRuntime: installed aipeek.addView.2 -> android.view.ViewGroup#addView(android.view.View,int)
10-06 00:59:55.740 I/LSPosedFramework(15107): (com.ss.android.lark)[com.chekayo.feishuantirecall,FeishuKit,3b03-1a10d01f9cd-2-f,0,1] HookRuntime: installed aipeek.addView.3 -> android.view.ViewGroup#addView(android.view.View,android.view.ViewGroup$LayoutParams)
10-06 00:59:55.740 I/LSPosedFramework(15107): (com.ss.android.lark)[com.chekayo.feishuantirecall,FeishuKit,3b03-1a10d01f9cd-2-10,0,1] HookRuntime: installed aipeek.addView.4 -> android.view.ViewGroup#addView(android.view.View,int,android.view.ViewGroup$LayoutParams)
10-06 00:59:55.740 I/LSPosedFramework(15107): (com.ss.android.lark)[com.chekayo.feishuantirecall,FeishuKit,3b03-1a10d01f9cd-2-11,0,1] [fucklark] 消息速览屏蔽: ViewGroup.addView 已 hook (进程 com.ss.android.lark)
10-06 00:59:55.741 I/LSPosedFramework(15107): (com.ss.android.lark)[com.chekayo.feishuantirecall,FeishuKit,3b03-1a10d01f9cd-2-12,0,1] HookRuntime: installed aipeek.setVisibility -> android.view.View#setVisibility(int)
10-06 00:59:55.741 I/LSPosedFramework(15107): (com.ss.android.lark)[com.chekayo.feishuantirecall,FeishuKit,3b03-1a10d01f9cd-2-13,0,1] [fucklark] 消息速览屏蔽: View.setVisibility 已 hook (进程 com.ss.android.lark)
10-06 00:59:55.741 I/LSPosedFramework(15107): (com.ss.android.lark)[com.chekayo.feishuantirecall,FeishuKit,3b03-1a10d01f9cd-2-14,0,1] HookRuntime: installed aipeek.setText.2args -> android.widget.TextView#setText(java.lang.CharSequence,android.widget.TextView$BufferType)
10-06 00:59:55.741 I/LSPosedFramework(15107): (com.ss.android.lark)[com.chekayo.feishuantirecall,FeishuKit,3b03-1a10d01f9cd-2-15,0,1] HookRuntime: installed aipeek.setText.1arg -> android.widget.TextView#setText(java.lang.CharSequence)
10-06 00:59:55.741 I/LSPosedFramework(15107): (com.ss.android.lark)[com.chekayo.feishuantirecall,FeishuKit,3b03-1a10d01f9cd-2-16,0,1] [fucklark] 消息速览屏蔽: TextView.setText 已 hook (进程 com.ss.android.lark)
10-06 00:59:55.742 I/LSPosedFramework(15107): (com.ss.android.lark)[com.chekayo.feishuantirecall,FeishuKit,3b03-1a10d01f9cd-2-17,0,1] HookRuntime: installed dlunlock.fileopen -> com.ss.android.lark.filedetail.impl.open.FileOpenUtils#f()
10-06 00:59:55.742 I/LSPosedFramework(15107): (com.ss.android.lark)[com.chekayo.feishuantirecall,FeishuKit,3b03-1a10d01f9cd-2-18,0,1] [fucklark] 解除下载限制: FileOpenUtils.f 已 hook (进程 com.ss.android.lark)
10-06 00:59:55.743 I/LSPosedFramework(15107): (com.ss.android.lark)[com.chekayo.feishuantirecall,FeishuKit,3b03-1a10d01f9cd-2-19,0,1] HookRuntime: installed dlunlock.downloadcheck -> com.ss.android.lark.widget.photo.preview.utils.DownloadCheckUtil#b(com.ss.android.lark.widget.photopicker.entity.PhotoItem)
10-06 00:59:55.743 I/LSPosedFramework(15107): (com.ss.android.lark)[com.chekayo.feishuantirecall,FeishuKit,3b03-1a10d01f9cd-2-1a,0,1] [fucklark] 解除下载限制: DownloadCheckUtil.b 已 hook (进程 com.ss.android.lark)
10-06 00:59:55.745 I/LSPosedFramework(15107): (com.ss.android.lark)[com.chekayo.feishuantirecall,FeishuKit,3b03-1a10d01f9cd-2-1b,0,1] HookRuntime: installed dlunlock.getAuditDependency#0 -> com.ss.android.lark.filedetail.FileDetailModuleDependency#getAuditDependency()
10-06 00:59:55.745 I/LSPosedFramework(15107): (com.ss.android.lark)[com.chekayo.feishuantirecall,FeishuKit,3b03-1a10d01f9cd-2-1c,0,1] HookRuntime: hookAllMethods com.ss.android.lark.filedetail.FileDetailModuleDependency#getAuditDependency matched 1
10-06 00:59:55.745 I/LSPosedFramework(15107): (com.ss.android.lark)[com.chekayo.feishuantirecall,FeishuKit,3b03-1a10d01f9cd-2-1d,0,1] [fucklark] 屏蔽下载审计: 已挂 FileDetailModuleDependency.getAuditDependency (进程 com.ss.android.lark)
10-06 00:59:55.747 I/LSPosedFramework(15107): (com.ss.android.lark)[com.chekayo.feishuantirecall,FeishuKit,3b03-1a10d01f9cd-2-1e,0,1] HookRuntime: installed dlunlock.auditImageDownload#0 -> com.ss.android.lark.framework.assembly.photopicker.PhotoPickerModuleDependencyImpl#auditImageDownload(java.lang.String)
10-06 00:59:55.747 I/LSPosedFramework(15107): (com.ss.android.lark)[com.chekayo.feishuantirecall,FeishuKit,3b03-1a10d01f9cd-2-1f,0,1] HookRuntime: hookAllMethods com.ss.android.lark.framework.assembly.photopicker.PhotoPickerModuleDependencyImpl#auditImageDownload matched 1
10-06 00:59:55.747 I/LSPosedFramework(15107): (com.ss.android.lark)[com.chekayo.feishuantirecall,FeishuKit,3b03-1a10d01f9cd-2-20,0,1] [fucklark] 屏蔽下载审计: PhotoPickerModuleDependencyImpl.auditImageDownload 已 hook 1 个
10-06 00:59:55.747 I/LSPosedFramework(15107): (com.ss.android.lark)[com.chekayo.feishuantirecall,FeishuKit,3b03-1a10d01f9cd-2-21,0,1] HookRuntime: hookAllMethods y33.a#a matched 0
10-06 00:59:55.747 I/LSPosedFramework(15107): (com.ss.android.lark)[com.chekayo.feishuantirecall,FeishuKit,3b03-1a10d01f9cd-2-22,0,1] [fucklark] 屏蔽下载审计: 已挂审计服务访问器 y33.a.a (进程 com.ss.android.lark)
10-06 00:59:55.748 I/LSPosedFramework(15107): (com.ss.android.lark)[com.chekayo.feishuantirecall,FeishuKit,3b03-1a10d01f9cd-2-23,0,1] HookRuntime: installed restricted.getSwitch -> com.ss.android.lark.chat.entity.chat.Chat$RestrictedModeSetting#getSwitch()
10-06 00:59:55.748 I/LSPosedFramework(15107): (com.ss.android.lark)[com.chekayo.feishuantirecall,FeishuKit,3b03-1a10d01f9cd-2-24,0,1] [fucklark] 解除保密模式限制: Chat$RestrictedModeSetting.getSwitch 已 hook (进程 com.ss.android.lark)
10-06 00:59:55.749 I/LSPosedFramework(15107): (com.ss.android.lark)[com.chekayo.feishuantirecall,FeishuKit,3b03-1a10d01f9cd-2-25,0,1] HookRuntime: installed restricted.interceptor#0 -> com.ss.android.lark.chat.dlp.MessageRestrictedActionInterceptor#b(com.ss.android.lark.biz.im.extension.message_action.MessageActionType,com.ss.android.lark.biz.im.extension.message_action.a,boolean)
10-06 00:59:55.749 I/LSPosedFramework(15107): (com.ss.android.lark)[com.chekayo.feishuantirecall,FeishuKit,3b03-1a10d01f9cd-2-26,0,1] HookRuntime: installed restricted.interceptor#1 -> com.ss.android.lark.chat.dlp.MessageRestrictedActionInterceptor#e(com.ss.android.lark.biz.im.extension.message_action.MessageActionType,com.ss.android.lark.biz.im.extension.message_action.a)
10-06 00:59:55.749 I/LSPosedFramework(15107): (com.ss.android.lark)[com.chekayo.feishuantirecall,FeishuKit,3b03-1a10d01f9cd-2-27,0,1] HookRuntime: installed restricted.interceptor#2 -> com.ss.android.lark.chat.dlp.MessageRestrictedActionInterceptor#f(com.ss.android.lark.biz.im.extension.message_action.MessageActionType,com.ss.android.lark.biz.im.extension.message_action.a)
10-06 00:59:55.749 I/LSPosedFramework(15107): (com.ss.android.lark)[com.chekayo.feishuantirecall,FeishuKit,3b03-1a10d01f9cd-2-28,0,1] [fucklark] 解除保密模式限制: MessageRestrictedActionInterceptor 已 hook 3 个门禁方法 (进程 com.ss.android.lark)
10-06 00:59:55.750 I/LSPosedFramework(15107): (com.ss.android.lark)[com.chekayo.feishuantirecall,FeishuKit,3b03-1a10d01f9cd-2-29,0,1] [fucklark] 屏蔽复制审计: CopyActionAuditUtil(q) 已 hook 0 个方法 (进程 com.ss.android.lark)
10-06 00:59:55.750 I/LSPosedFramework(15107): (com.ss.android.lark)[com.chekayo.feishuantirecall,FeishuKit,3b03-1a10d01f9cd-2-2a,0,1] [fucklark] screenshot-noaudit install failed: java.lang.NoSuchMethodError: HookRuntime.hookMethod: gc6.a#onActivityResumed(android.app.Activity) (id=restricted.screenshot.onActivityResumed)
10-06 00:59:55.750 I/LSPosedFramework(15107): (com.ss.android.lark)[com.chekayo.feishuantirecall,FeishuKit,3b03-1a10d01f9cd-2-2b,0,1] HookRuntime: installed forcescreenshot.setFlags -> android.view.Window#setFlags(int,int)
10-06 00:59:55.751 I/LSPosedFramework(15107): (com.ss.android.lark)[com.chekayo.feishuantirecall,FeishuKit,3b03-1a10d01f9cd-2-2c,0,1] HookRuntime: installed forcescreenshot.addFlags -> android.view.Window#addFlags(int)
10-06 00:59:55.751 I/LSPosedFramework(15107): (com.ss.android.lark)[com.chekayo.feishuantirecall,FeishuKit,3b03-1a10d01f9cd-2-2d,0,1] HookRuntime: installed forcescreenshot.setAttributes -> android.view.Window#setAttributes(android.view.WindowManager$LayoutParams)
10-06 00:59:55.752 I/LSPosedFramework(15107): (com.ss.android.lark)[com.chekayo.feishuantirecall,FeishuKit,3b03-1a10d01f9cd-2-2e,0,1] HookRuntime: installed forcescreenshot.setSecure -> android.view.SurfaceView#setSecure(boolean)
10-06 00:59:55.752 I/LSPosedFramework(15107): (com.ss.android.lark)[com.chekayo.feishuantirecall,FeishuKit,3b03-1a10d01f9cd-2-2f,0,1] [fucklark] 强制截图: Window.setFlags/addFlags/setAttributes + SurfaceView.setSecure 已 hook (进程 com.ss.android.lark)
10-06 00:59:55.752 I/LSPosedFramework(15107): (com.ss.android.lark)[com.chekayo.feishuantirecall,FeishuKit,3b03-1a10d01f9cd-2-30,0,1] HookRuntime: installed restricted.writeData#0 -> com.ss.android.lark.audit.userscope.audit.a#g(com.ss.android.lark.pb.security_event.Event)
10-06 00:59:55.752 I/LSPosedFramework(15107): (com.ss.android.lark)[com.chekayo.feishuantirecall,FeishuKit,3b03-1a10d01f9cd-2-31,0,1] [fucklark] 全审计无痕总闸: AuditEventStorage.writeData 已 hook 1 个 (进程 com.ss.android.lark)
10-06 00:59:55.753 I/LSPosedFramework(15107): (com.ss.android.lark)[com.chekayo.feishuantirecall,FeishuKit,3b03-1a10d01f9cd-2-32,0,1] HookRuntime: installed restricted.auditManager#0 -> com.ss.android.lark.audit.AuditManager#auditSecurityEvent(com.ss.android.lark.pb.security_event.Event)
10-06 00:59:55.753 I/LSPosedFramework(15107): (com.ss.android.lark)[com.chekayo.feishuantirecall,FeishuKit,3b03-1a10d01f9cd-2-33,0,1] HookRuntime: hookAllMethods com.ss.android.lark.audit.AuditManager#auditSecurityEvent matched 1
10-06 00:59:55.753 I/LSPosedFramework(15107): (com.ss.android.lark)[com.chekayo.feishuantirecall,FeishuKit,3b03-1a10d01f9cd-2-34,0,1] [fucklark] 全审计无痕(双保险): AuditManager.auditSecurityEvent 已 hook 1 个 (进程 com.ss.android.lark)
10-06 00:59:55.754 I/LSPosedFramework(15107): (com.ss.android.lark)[com.chekayo.feishuantirecall,FeishuKit,3b03-1a10d01f9cd-2-35,0,1] HookRuntime: installed updatebanner.onResume -> com.ss.android.lark.main.app.MainActivity#onResume()
10-06 00:59:55.754 I/LSPosedFramework(15107): (com.ss.android.lark)[com.chekayo.feishuantirecall,FeishuKit,3b03-1a10d01f9cd-2-36,0,1] [fucklark] 更新横幅: MainActivity.onResume 已 hook (进程 com.ss.android.lark)
10-06 00:59:55.755 I/LSPosedFramework(15107): (com.ss.android.lark)[com.chekayo.feishuantirecall,FeishuKit,3b03-1a10d01f9cd-2-37,0,1] HookRuntime: installed dlmirror.deferAppCreate -> android.app.Instrumentation#callApplicationOnCreate(android.app.Application)
10-06 00:59:55.756 I/LSPosedFramework(15107): (com.ss.android.lark)[com.chekayo.feishuantirecall,FeishuKit,3b03-1a10d01f9cd-2-38,0,1] [antirecall] native lib loaded: /data/data/com.ss.android.lark/antirecall/libantirecall.so
10-06 00:59:55.756 I/LSPosedFramework(15107): (com.ss.android.lark)[com.chekayo.feishuantirecall,FeishuKit,3b03-1a10d01f9cd-2-39,0,1] [fucklark] antirecall=true resign=true antiread=true diaglog=false keepkicked=true leavenotify=true updatedAt=1791219415146
10-06 00:59:55.757 I/LSPosedFramework(15107): (com.ss.android.lark)[com.chekayo.feishuantirecall,FeishuKit,3b03-1a10d01f9cd-2-3a,0,1] HookRuntime: installed antiread2.readreq#0 -> com.bytedance.lark.pb.im.v1.UpdateMessagesMeReadRequest#<init>(java.util.List,com.bytedance.lark.pb.basic.v1.Channel,java.lang.Integer,java.lang.String,java.lang.Integer,java.lang.Integer,java.lang.Integer,java.util.List)
10-06 00:59:55.757 I/LSPosedFramework(15107): (com.ss.android.lark)[com.chekayo.feishuantirecall,FeishuKit,3b03-1a10d01f9cd-2-3b,0,1] HookRuntime: installed antiread2.readreq#1 -> com.bytedance.lark.pb.im.v1.UpdateMessagesMeReadRequest#<init>(java.util.List,com.bytedance.lark.pb.basic.v1.Channel,java.lang.Integer,java.lang.String,java.lang.Integer,java.lang.Integer,java.lang.Integer,java.util.List,okio.ByteString)
10-06 00:59:55.757 I/LSPosedFramework(15107): (com.ss.android.lark)[com.chekayo.feishuantirecall,FeishuKit,3b03-1a10d01f9cd-2-3c,0,1] HookRuntime: hookAllConstructors com.bytedance.lark.pb.im.v1.UpdateMessagesMeReadRequest matched 2
10-06 00:59:55.758 I/LSPosedFramework(15107): (com.ss.android.lark)[com.chekayo.feishuantirecall,FeishuKit,3b03-1a10d01f9cd-2-3d,0,1] HookRuntime: installed antiread2.sendreq.com.bytedance.lark.pb.im.v1.SendMessageRequest#0 -> com.bytedance.lark.pb.im.v1.SendMessageRequest#<init>(java.lang.String,java.lang.Long,java.lang.String,java.lang.Integer)
10-06 00:59:55.758 I/LSPosedFramework(15107): (com.ss.android.lark)[com.chekayo.feishuantirecall,FeishuKit,3b03-1a10d01f9cd-2-3e,0,1] HookRuntime: installed antiread2.sendreq.com.bytedance.lark.pb.im.v1.SendMessageRequest#1 -> com.bytedance.lark.pb.im.v1.SendMessageRequest#<init>(java.lang.String,java.lang.Long,java.lang.String,java.lang.Integer,okio.ByteString)
10-06 00:59:55.758 I/LSPosedFramework(15107): (com.ss.android.lark)[com.chekayo.feishuantirecall,FeishuKit,3b03-1a10d01f9cd-2-3f,0,1] HookRuntime: hookAllConstructors com.bytedance.lark.pb.im.v1.SendMessageRequest matched 2
10-06 00:59:55.759 I/LSPosedFramework(15107): (com.ss.android.lark)[com.chekayo.feishuantirecall,FeishuKit,3b03-1a10d01f9cd-2-40,0,1] HookRuntime: installed antiread2.sendreq.com.bytedance.lark.pb.im.v1.CreateQuasiMessageRequest#0 -> com.bytedance.lark.pb.im.v1.CreateQuasiMessageRequest#<init>(com.bytedance.lark.pb.basic.v1.Message$Type,java.lang.String,com.bytedance.lark.pb.basic.v1.QuasiContent,java.lang.String,java.lang.String,java.lang.Boolean,java.lang.Long,com.bytedance.lark.pb.basic.v1.Channel,java.lang.String,java.lang.String,java.lang.Boolean,java.lang.Integer,java.lang.String,java.lang.Boolean,com.bytedance.lark.pb.basic.v1.CreateScene,java.lang.Long,java.lang.Long,com.bytedance.lark.pb.basic.v1.AIInfoContext,java.lang.Boolean,com.bytedance.lark.pb.basic.v1.Message$PartialReplyInfo,java.lang.Boolean,java.lang.Boolean,java.lang.Boolean,com.bytedance.lark.pb.basic.v1.LarkAgentContext,java.lang.Long,com.bytedance.lark.pb.im.v1.QuasiMessageExtraData,java.lang.Boolean)
10-06 00:59:55.759 I/LSPosedFramework(15107): (com.ss.android.lark)[com.chekayo.feishuantirecall,FeishuKit,3b03-1a10d01f9cd-2-41,0,1] HookRuntime: installed antiread2.sendreq.com.bytedance.lark.pb.im.v1.CreateQuasiMessageRequest#1 -> com.bytedance.lark.pb.im.v1.CreateQuasiMessageRequest#<init>(com.bytedance.lark.pb.basic.v1.Message$Type,java.lang.String,com.bytedance.lark.pb.basic.v1.QuasiContent,java.lang.String,java.lang.String,java.lang.Boolean,java.lang.Long,com.bytedance.lark.pb.basic.v1.Channel,java.lang.String,java.lang.String,java.lang.Boolean,java.lang.Integer,java.lang.String,java.lang.Boolean,com.bytedance.lark.pb.basic.v1.CreateScene,java.lang.Long,java.lang.Long,com.bytedance.lark.pb.basic.v1.AIInfoContext,java.lang.Boolean,com.bytedance.lark.pb.basic.v1.Message$PartialReplyInfo,java.lang.Boolean,java.lang.Boolean,java.lang.Boolean,com.bytedance.lark.pb.basic.v1.LarkAgentContext,java.lang.Long,com.bytedance.lark.pb.im.v1.QuasiMessageExtraData,java.lang.Boolean,okio.ByteString)
10-06 00:59:55.759 I/LSPosedFramework(15107): (com.ss.android.lark)[com.chekayo.feishuantirecall,FeishuKit,3b03-1a10d01f9cd-2-42,0,1] HookRuntime: hookAllConstructors com.bytedance.lark.pb.im.v1.CreateQuasiMessageRequest matched 2
10-06 00:59:55.759 I/LSPosedFramework(15107): (com.ss.android.lark)[com.chekayo.feishuantirecall,FeishuKit,3b03-1a10d01f9cd-2-43,0,1] [antirecall] 新版飞书: ax2.b.a(Object,int) 不存在, 仅走 native SQL 层 (new mode)
10-06 00:59:55.762 I/LSPosedFramework(15107): (com.ss.android.lark)[com.chekayo.feishuantirecall,FeishuKit,3b03-1a10d01f9cd-2-44,0,1] HookRuntime: installed migration.onActivityResult#0 -> android.app.Activity#onActivityResult(int,int,android.content.Intent)
10-06 00:59:55.762 I/LSPosedFramework(15107): (com.ss.android.lark)[com.chekayo.feishuantirecall,FeishuKit,3b03-1a10d01f9cd-2-45,0,1] HookRuntime: installed migration.onActivityResult#1 -> android.app.Activity#onActivityResult(int,int,android.content.Intent,android.app.ComponentCaller)
10-06 00:59:55.763 I/LSPosedFramework(15107): (com.ss.android.lark)[com.chekayo.feishuantirecall,FeishuKit,3b03-1a10d01f9cd-2-46,0,1] HookRuntime: hookAllMethods android.app.Activity#onActivityResult matched 2
10-06 00:59:55.763 I/LSPosedFramework(15107): (com.ss.android.lark)[com.chekayo.feishuantirecall,FeishuKit,3b03-1a10d01f9cd-2-47,0,1] HookRuntime: installed fucklarksettings.settingpage#0 -> com.ss.android.lark.setting.page.function.SettingPageFragment#onResume()
10-06 00:59:55.763 I/LSPosedFramework(15107): (com.ss.android.lark)[com.chekayo.feishuantirecall,FeishuKit,3b03-1a10d01f9cd-2-48,0,1] [fucklark] 已 hook 设置页 com.ss.android.lark.setting.page.function.SettingPageFragment
10-06 00:59:55.764 I/LSPosedFramework(15107): (com.ss.android.lark)[com.chekayo.feishuantirecall,FeishuKit,3b03-1a10d01f9cd-2-49,0,1] HookRuntime: installed profilecapture.onCreate -> com.ss.android.lark.profile.func.v3.userprofile.UserProfileActivityV3#onCreate(android.os.Bundle)
10-06 00:59:55.764 I/LSPosedFramework(15107): (com.ss.android.lark)[com.chekayo.feishuantirecall,FeishuKit,3b03-1a10d01f9cd-2-4a,0,1] [fucklark] ProfileCapture hooked UserProfileActivityV3.onCreate
10-06 00:59:55.924 I/LSPosedFramework(15107): (com.ss.android.lark)[com.chekayo.feishuantirecall,FeishuKit,3b03-1a10d01f9cd-573-4b,0,1] LarkResign: native loaded /data/user/0/com.ss.android.lark/resign_tracker_lib/libresign.so uid=<uid-hash>
10-06 00:59:55.942 I/LSPosedFramework(15107): (com.ss.android.lark)[com.chekayo.feishuantirecall,FeishuKit,3b03-1a10d01f9cd-5ee-4c,0,1] LarkResign: nativeInit done, 等待 contact.db 句柄...
10-06 00:59:55.999 I/LSPosedFramework(15107): (com.ss.android.lark)[com.chekayo.feishuantirecall,FeishuKit,3b03-1a10d01f9cd-606-4d,0,1] onPackageLoaded: com.google.android.webview
10-06 00:59:56.103 I/LSPosedFramework(15107): (com.ss.android.lark)[com.chekayo.feishuantirecall,FeishuKit,3b03-1a10d01f9cd-2-4e,0,1] [fucklark][dl] 下载另存 已监听: /storage/emulated/0/Android/data/com.ss.android.lark/files/Lark/download
10-06 00:59:56.105 I/LSPosedFramework(15107): (com.ss.android.lark)[com.chekayo.feishuantirecall,FeishuKit,3b03-1a10d01f9cd-2-4f,0,1] HookRuntime: installed dlmirror.mustacheFormat -> com.ss.android.lark.utils.UIHelper#mustacheFormat(int,java.lang.String,java.lang.String)
10-06 00:59:56.105 I/LSPosedFramework(15107): (com.ss.android.lark)[com.chekayo.feishuantirecall,FeishuKit,3b03-1a10d01f9cd-2-50,0,1] [fucklark][dl] 下载完成 toast 已 hook (UIHelper.mustacheFormat, resId=2131830745)
10-06 00:59:56.105 I/LSPosedFramework(15107): (com.ss.android.lark)[com.chekayo.feishuantirecall,FeishuKit,3b03-1a10d01f9cd-2-51,0,1] [fucklark] config bridge bound pkg=com.ss.android.lark
10-06 00:59:56.446 I/LSPosedFramework(15107): (com.ss.android.lark)[com.chekayo.feishuantirecall,FeishuKit,3b03-1a10d01f9cd-5ee-52,0,1] LarkResign: 离职快照=59 累计=59 uid=<uid-hash> -> /data/user/0/com.ss.android.lark/files/accounts/<uid-hash>/resign_tracker/resigned_all.json
10-06 00:59:57.512 I/LSPosedFramework(15107): (com.ss.android.lark)[com.chekayo.feishuantirecall,FeishuKit,3b03-1a10d01f9cd-5ee-53,0,1] LarkResign: V3富资料 dump=369 并入=369 -> /data/user/0/com.ss.android.lark/files/accounts/<uid-hash>/resign_tracker/profiles.json
10-06 00:59:58.723 I/LSPosedFramework(15107): (com.ss.android.lark)[com.chekayo.feishuantirecall,FeishuKit,3b03-1a10d01f9cd-5ee-54,0,1] LarkResign: 全量花名册 dump=660 并入=660 uid=<uid-hash> -> /data/user/0/com.ss.android.lark/files/accounts/<uid-hash>/resign_tracker/profiles.json
10-06 01:00:02.382 I/LSPosedFramework(19484): (com.ss.android.lark:wschannel)[com.chekayo.feishuantirecall,FeishuKit,4c1c-1a10d0213cd-2-1,0,1] ModuleRuntime: bound gen=87a5c858-33f1-4520-a1a7-db3386463856 process=com.ss.android.lark:wschannel apk=/data/app/…/com.chekayo.feishuantirecall-…/base.apk api=102 framework=LSPosed 2.2.1
10-06 01:00:02.385 I/LSPosedFramework(19484): (com.ss.android.lark:wschannel)[com.chekayo.feishuantirecall,FeishuKit,4c1c-1a10d0213cd-2-2,0,1] ModulePath: MODULE_PATH = /data/app/…/com.chekayo.feishuantirecall-…/base.apk
10-06 01:00:02.397 I/LSPosedFramework(19484): (com.ss.android.lark:wschannel)[com.chekayo.feishuantirecall,FeishuKit,4c1c-1a10d0213cd-2-3,0,1] onPackageLoaded: com.ss.android.lark
10-06 01:00:02.401 I/LSPosedFramework(19484): (com.ss.android.lark:wschannel)[com.chekayo.feishuantirecall,FeishuKit,4c1c-1a10d0213cd-2-4,0,1] HookRuntime: installed configbridge.callApplicationOnCreate -> android.app.Instrumentation#callApplicationOnCreate(android.app.Application)
10-06 01:00:02.401 I/LSPosedFramework(19484): (com.ss.android.lark:wschannel)[com.chekayo.feishuantirecall,FeishuKit,4c1c-1a10d0213cd-2-5,0,1] onPackageReady: dispatch com.ss.android.lark (com.ss.android.lark:wschannel|com.ss.android.lark|207587393)
10-06 01:00:02.403 I/LSPosedFramework(19484): (com.ss.android.lark:wschannel)[com.chekayo.feishuantirecall,FeishuKit,4c1c-1a10d0213cd-2-6,0,1] HookRuntime: installed notifarchive.notify -> android.app.NotificationManager#notify(java.lang.String,int,android.app.Notification)
10-06 01:00:02.403 I/LSPosedFramework(19484): (com.ss.android.lark:wschannel)[com.chekayo.feishuantirecall,FeishuKit,4c1c-1a10d0213cd-2-7,0,1] [fucklark] 后台消息存档: NotificationManager.notify 已 hook (进程 com.ss.android.lark:wschannel)
10-06 01:00:02.404 I/LSPosedFramework(19484): (com.ss.android.lark:wschannel)[com.chekayo.feishuantirecall,FeishuKit,4c1c-1a10d0213cd-2-8,0,1] HookRuntime: installed recallui.setText.2args -> android.widget.TextView#setText(java.lang.CharSequence,android.widget.TextView$BufferType)
10-06 01:00:02.405 I/LSPosedFramework(19484): (com.ss.android.lark:wschannel)[com.chekayo.feishuantirecall,FeishuKit,4c1c-1a10d0213cd-2-9,0,1] HookRuntime: installed recallui.setText.1arg -> android.widget.TextView#setText(java.lang.CharSequence)
10-06 01:00:02.405 I/LSPosedFramework(19484): (com.ss.android.lark:wschannel)[com.chekayo.feishuantirecall,FeishuKit,4c1c-1a10d0213cd-2-a,0,1] [fucklark] 后台撤回 统计/还原/提示 已 hook (进程 com.ss.android.lark:wschannel)
10-06 01:00:02.406 I/LSPosedFramework(19484): (com.ss.android.lark:wschannel)[com.chekayo.feishuantirecall,FeishuKit,4c1c-1a10d0213cd-2-b,0,1] HookRuntime: installed dewatermark.setForeground -> android.view.View#setForeground(android.graphics.drawable.Drawable)
10-06 01:00:02.407 I/LSPosedFramework(19484): (com.ss.android.lark:wschannel)[com.chekayo.feishuantirecall,FeishuKit,4c1c-1a10d0213cd-2-c,0,1] [fucklark] 去水印: View.setForeground 已 hook (进程 com.ss.android.lark:wschannel)
10-06 01:00:02.407 I/LSPosedFramework(19484): (com.ss.android.lark:wschannel)[com.chekayo.feishuantirecall,FeishuKit,4c1c-1a10d0213cd-2-d,0,1] HookRuntime: installed aipeek.addView.1 -> android.view.ViewGroup#addView(android.view.View)
10-06 01:00:02.408 I/LSPosedFramework(19484): (com.ss.android.lark:wschannel)[com.chekayo.feishuantirecall,FeishuKit,4c1c-1a10d0213cd-2-e,0,1] HookRuntime: installed aipeek.addView.2 -> android.view.ViewGroup#addView(android.view.View,int)
10-06 01:00:02.409 I/LSPosedFramework(19484): (com.ss.android.lark:wschannel)[com.chekayo.feishuantirecall,FeishuKit,4c1c-1a10d0213cd-2-f,0,1] HookRuntime: installed aipeek.addView.3 -> android.view.ViewGroup#addView(android.view.View,android.view.ViewGroup$LayoutParams)
10-06 01:00:02.409 I/LSPosedFramework(19484): (com.ss.android.lark:wschannel)[com.chekayo.feishuantirecall,FeishuKit,4c1c-1a10d0213cd-2-10,0,1] HookRuntime: installed aipeek.addView.4 -> android.view.ViewGroup#addView(android.view.View,int,android.view.ViewGroup$LayoutParams)
10-06 01:00:02.409 I/LSPosedFramework(19484): (com.ss.android.lark:wschannel)[com.chekayo.feishuantirecall,FeishuKit,4c1c-1a10d0213cd-2-11,0,1] [fucklark] 消息速览屏蔽: ViewGroup.addView 已 hook (进程 com.ss.android.lark:wschannel)
10-06 01:00:02.410 I/LSPosedFramework(19484): (com.ss.android.lark:wschannel)[com.chekayo.feishuantirecall,FeishuKit,4c1c-1a10d0213cd-2-12,0,1] HookRuntime: installed aipeek.setVisibility -> android.view.View#setVisibility(int)
10-06 01:00:02.411 I/LSPosedFramework(19484): (com.ss.android.lark:wschannel)[com.chekayo.feishuantirecall,FeishuKit,4c1c-1a10d0213cd-2-13,0,1] [fucklark] 消息速览屏蔽: View.setVisibility 已 hook (进程 com.ss.android.lark:wschannel)
10-06 01:00:02.411 I/LSPosedFramework(19484): (com.ss.android.lark:wschannel)[com.chekayo.feishuantirecall,FeishuKit,4c1c-1a10d0213cd-2-14,0,1] HookRuntime: installed aipeek.setText.2args -> android.widget.TextView#setText(java.lang.CharSequence,android.widget.TextView$BufferType)
10-06 01:00:02.411 I/LSPosedFramework(19484): (com.ss.android.lark:wschannel)[com.chekayo.feishuantirecall,FeishuKit,4c1c-1a10d0213cd-2-15,0,1] HookRuntime: installed aipeek.setText.1arg -> android.widget.TextView#setText(java.lang.CharSequence)
10-06 01:00:02.411 I/LSPosedFramework(19484): (com.ss.android.lark:wschannel)[com.chekayo.feishuantirecall,FeishuKit,4c1c-1a10d0213cd-2-16,0,1] [fucklark] 消息速览屏蔽: TextView.setText 已 hook (进程 com.ss.android.lark:wschannel)
10-06 01:00:02.413 I/LSPosedFramework(19484): (com.ss.android.lark:wschannel)[com.chekayo.feishuantirecall,FeishuKit,4c1c-1a10d0213cd-2-17,0,1] HookRuntime: installed dlunlock.fileopen -> com.ss.android.lark.filedetail.impl.open.FileOpenUtils#f()
10-06 01:00:02.413 I/LSPosedFramework(19484): (com.ss.android.lark:wschannel)[com.chekayo.feishuantirecall,FeishuKit,4c1c-1a10d0213cd-2-18,0,1] [fucklark] 解除下载限制: FileOpenUtils.f 已 hook (进程 com.ss.android.lark:wschannel)
10-06 01:00:02.414 I/LSPosedFramework(19484): (com.ss.android.lark:wschannel)[com.chekayo.feishuantirecall,FeishuKit,4c1c-1a10d0213cd-2-19,0,1] HookRuntime: installed dlunlock.downloadcheck -> com.ss.android.lark.widget.photo.preview.utils.DownloadCheckUtil#b(com.ss.android.lark.widget.photopicker.entity.PhotoItem)
10-06 01:00:02.414 I/LSPosedFramework(19484): (com.ss.android.lark:wschannel)[com.chekayo.feishuantirecall,FeishuKit,4c1c-1a10d0213cd-2-1a,0,1] [fucklark] 解除下载限制: DownloadCheckUtil.b 已 hook (进程 com.ss.android.lark:wschannel)
10-06 01:00:02.417 I/LSPosedFramework(19484): (com.ss.android.lark:wschannel)[com.chekayo.feishuantirecall,FeishuKit,4c1c-1a10d0213cd-2-1b,0,1] HookRuntime: installed dlunlock.getAuditDependency#0 -> com.ss.android.lark.filedetail.FileDetailModuleDependency#getAuditDependency()
10-06 01:00:02.417 I/LSPosedFramework(19484): (com.ss.android.lark:wschannel)[com.chekayo.feishuantirecall,FeishuKit,4c1c-1a10d0213cd-2-1c,0,1] HookRuntime: hookAllMethods com.ss.android.lark.filedetail.FileDetailModuleDependency#getAuditDependency matched 1
10-06 01:00:02.417 I/LSPosedFramework(19484): (com.ss.android.lark:wschannel)[com.chekayo.feishuantirecall,FeishuKit,4c1c-1a10d0213cd-2-1d,0,1] [fucklark] 屏蔽下载审计: 已挂 FileDetailModuleDependency.getAuditDependency (进程 com.ss.android.lark:wschannel)
10-06 01:00:02.419 I/LSPosedFramework(19484): (com.ss.android.lark:wschannel)[com.chekayo.feishuantirecall,FeishuKit,4c1c-1a10d0213cd-2-1e,0,1] HookRuntime: installed dlunlock.auditImageDownload#0 -> com.ss.android.lark.framework.assembly.photopicker.PhotoPickerModuleDependencyImpl#auditImageDownload(java.lang.String)
10-06 01:00:02.419 I/LSPosedFramework(19484): (com.ss.android.lark:wschannel)[com.chekayo.feishuantirecall,FeishuKit,4c1c-1a10d0213cd-2-1f,0,1] HookRuntime: hookAllMethods com.ss.android.lark.framework.assembly.photopicker.PhotoPickerModuleDependencyImpl#auditImageDownload matched 1
10-06 01:00:02.419 I/LSPosedFramework(19484): (com.ss.android.lark:wschannel)[com.chekayo.feishuantirecall,FeishuKit,4c1c-1a10d0213cd-2-20,0,1] [fucklark] 屏蔽下载审计: PhotoPickerModuleDependencyImpl.auditImageDownload 已 hook 1 个
10-06 01:00:02.419 I/LSPosedFramework(19484): (com.ss.android.lark:wschannel)[com.chekayo.feishuantirecall,FeishuKit,4c1c-1a10d0213cd-2-21,0,1] HookRuntime: hookAllMethods y33.a#a matched 0
10-06 01:00:02.419 I/LSPosedFramework(19484): (com.ss.android.lark:wschannel)[com.chekayo.feishuantirecall,FeishuKit,4c1c-1a10d0213cd-2-22,0,1] [fucklark] 屏蔽下载审计: 已挂审计服务访问器 y33.a.a (进程 com.ss.android.lark:wschannel)
10-06 01:00:02.421 I/LSPosedFramework(19484): (com.ss.android.lark:wschannel)[com.chekayo.feishuantirecall,FeishuKit,4c1c-1a10d0213cd-2-23,0,1] HookRuntime: installed restricted.getSwitch -> com.ss.android.lark.chat.entity.chat.Chat$RestrictedModeSetting#getSwitch()
10-06 01:00:02.421 I/LSPosedFramework(19484): (com.ss.android.lark:wschannel)[com.chekayo.feishuantirecall,FeishuKit,4c1c-1a10d0213cd-2-24,0,1] [fucklark] 解除保密模式限制: Chat$RestrictedModeSetting.getSwitch 已 hook (进程 com.ss.android.lark:wschannel)
10-06 01:00:02.422 I/LSPosedFramework(19484): (com.ss.android.lark:wschannel)[com.chekayo.feishuantirecall,FeishuKit,4c1c-1a10d0213cd-2-25,0,1] HookRuntime: installed restricted.interceptor#0 -> com.ss.android.lark.chat.dlp.MessageRestrictedActionInterceptor#b(com.ss.android.lark.biz.im.extension.message_action.MessageActionType,com.ss.android.lark.biz.im.extension.message_action.a,boolean)
10-06 01:00:02.422 I/LSPosedFramework(19484): (com.ss.android.lark:wschannel)[com.chekayo.feishuantirecall,FeishuKit,4c1c-1a10d0213cd-2-26,0,1] HookRuntime: installed restricted.interceptor#1 -> com.ss.android.lark.chat.dlp.MessageRestrictedActionInterceptor#e(com.ss.android.lark.biz.im.extension.message_action.MessageActionType,com.ss.android.lark.biz.im.extension.message_action.a)
10-06 01:00:02.423 I/LSPosedFramework(19484): (com.ss.android.lark:wschannel)[com.chekayo.feishuantirecall,FeishuKit,4c1c-1a10d0213cd-2-27,0,1] HookRuntime: installed restricted.interceptor#2 -> com.ss.android.lark.chat.dlp.MessageRestrictedActionInterceptor#f(com.ss.android.lark.biz.im.extension.message_action.MessageActionType,com.ss.android.lark.biz.im.extension.message_action.a)
10-06 01:00:02.423 I/LSPosedFramework(19484): (com.ss.android.lark:wschannel)[com.chekayo.feishuantirecall,FeishuKit,4c1c-1a10d0213cd-2-28,0,1] [fucklark] 解除保密模式限制: MessageRestrictedActionInterceptor 已 hook 3 个门禁方法 (进程 com.ss.android.lark:wschannel)
10-06 01:00:02.423 I/LSPosedFramework(19484): (com.ss.android.lark:wschannel)[com.chekayo.feishuantirecall,FeishuKit,4c1c-1a10d0213cd-2-29,0,1] [fucklark] 屏蔽复制审计: CopyActionAuditUtil(q) 已 hook 0 个方法 (进程 com.ss.android.lark:wschannel)
10-06 01:00:02.423 I/LSPosedFramework(19484): (com.ss.android.lark:wschannel)[com.chekayo.feishuantirecall,FeishuKit,4c1c-1a10d0213cd-2-2a,0,1] [fucklark] screenshot-noaudit install failed: java.lang.NoSuchMethodError: HookRuntime.hookMethod: gc6.a#onActivityResumed(android.app.Activity) (id=restricted.screenshot.onActivityResumed)
10-06 01:00:02.424 I/LSPosedFramework(19484): (com.ss.android.lark:wschannel)[com.chekayo.feishuantirecall,FeishuKit,4c1c-1a10d0213cd-2-2b,0,1] HookRuntime: installed forcescreenshot.setFlags -> android.view.Window#setFlags(int,int)
10-06 01:00:02.425 I/LSPosedFramework(19484): (com.ss.android.lark:wschannel)[com.chekayo.feishuantirecall,FeishuKit,4c1c-1a10d0213cd-2-2c,0,1] HookRuntime: installed forcescreenshot.addFlags -> android.view.Window#addFlags(int)
10-06 01:00:02.425 I/LSPosedFramework(19484): (com.ss.android.lark:wschannel)[com.chekayo.feishuantirecall,FeishuKit,4c1c-1a10d0213cd-2-2d,0,1] HookRuntime: installed forcescreenshot.setAttributes -> android.view.Window#setAttributes(android.view.WindowManager$LayoutParams)
10-06 01:00:02.426 I/LSPosedFramework(19484): (com.ss.android.lark:wschannel)[com.chekayo.feishuantirecall,FeishuKit,4c1c-1a10d0213cd-2-2e,0,1] HookRuntime: installed forcescreenshot.setSecure -> android.view.SurfaceView#setSecure(boolean)
10-06 01:00:02.426 I/LSPosedFramework(19484): (com.ss.android.lark:wschannel)[com.chekayo.feishuantirecall,FeishuKit,4c1c-1a10d0213cd-2-2f,0,1] [fucklark] 强制截图: Window.setFlags/addFlags/setAttributes + SurfaceView.setSecure 已 hook (进程 com.ss.android.lark:wschannel)
10-06 01:00:02.427 I/LSPosedFramework(19484): (com.ss.android.lark:wschannel)[com.chekayo.feishuantirecall,FeishuKit,4c1c-1a10d0213cd-2-30,0,1] HookRuntime: installed restricted.writeData#0 -> com.ss.android.lark.audit.userscope.audit.a#g(com.ss.android.lark.pb.security_event.Event)
10-06 01:00:02.427 I/LSPosedFramework(19484): (com.ss.android.lark:wschannel)[com.chekayo.feishuantirecall,FeishuKit,4c1c-1a10d0213cd-2-31,0,1] [fucklark] 全审计无痕总闸: AuditEventStorage.writeData 已 hook 1 个 (进程 com.ss.android.lark:wschannel)
10-06 01:00:02.428 I/LSPosedFramework(19484): (com.ss.android.lark:wschannel)[com.chekayo.feishuantirecall,FeishuKit,4c1c-1a10d0213cd-2-32,0,1] HookRuntime: installed restricted.auditManager#0 -> com.ss.android.lark.audit.AuditManager#auditSecurityEvent(com.ss.android.lark.pb.security_event.Event)
10-06 01:00:02.428 I/LSPosedFramework(19484): (com.ss.android.lark:wschannel)[com.chekayo.feishuantirecall,FeishuKit,4c1c-1a10d0213cd-2-33,0,1] HookRuntime: hookAllMethods com.ss.android.lark.audit.AuditManager#auditSecurityEvent matched 1
10-06 01:00:02.428 I/LSPosedFramework(19484): (com.ss.android.lark:wschannel)[com.chekayo.feishuantirecall,FeishuKit,4c1c-1a10d0213cd-2-34,0,1] [fucklark] 全审计无痕(双保险): AuditManager.auditSecurityEvent 已 hook 1 个 (进程 com.ss.android.lark:wschannel)
10-06 01:00:02.430 I/LSPosedFramework(19484): (com.ss.android.lark:wschannel)[com.chekayo.feishuantirecall,FeishuKit,4c1c-1a10d0213cd-2-35,0,1] HookRuntime: installed updatebanner.onResume -> com.ss.android.lark.main.app.MainActivity#onResume()
10-06 01:00:02.430 I/LSPosedFramework(19484): (com.ss.android.lark:wschannel)[com.chekayo.feishuantirecall,FeishuKit,4c1c-1a10d0213cd-2-36,0,1] [fucklark] 更新横幅: MainActivity.onResume 已 hook (进程 com.ss.android.lark:wschannel)
10-06 01:00:02.431 I/LSPosedFramework(19484): (com.ss.android.lark:wschannel)[com.chekayo.feishuantirecall,FeishuKit,4c1c-1a10d0213cd-2-37,0,1] HookRuntime: installed antiread2.readreq#0 -> com.bytedance.lark.pb.im.v1.UpdateMessagesMeReadRequest#<init>(java.util.List,com.bytedance.lark.pb.basic.v1.Channel,java.lang.Integer,java.lang.String,java.lang.Integer,java.lang.Integer,java.lang.Integer,java.util.List)
10-06 01:00:02.431 I/LSPosedFramework(19484): (com.ss.android.lark:wschannel)[com.chekayo.feishuantirecall,FeishuKit,4c1c-1a10d0213cd-2-38,0,1] HookRuntime: installed antiread2.readreq#1 -> com.bytedance.lark.pb.im.v1.UpdateMessagesMeReadRequest#<init>(java.util.List,com.bytedance.lark.pb.basic.v1.Channel,java.lang.Integer,java.lang.String,java.lang.Integer,java.lang.Integer,java.lang.Integer,java.util.List,okio.ByteString)
10-06 01:00:02.432 I/LSPosedFramework(19484): (com.ss.android.lark:wschannel)[com.chekayo.feishuantirecall,FeishuKit,4c1c-1a10d0213cd-2-39,0,1] HookRuntime: hookAllConstructors com.bytedance.lark.pb.im.v1.UpdateMessagesMeReadRequest matched 2
10-06 01:00:02.432 I/LSPosedFramework(19484): (com.ss.android.lark:wschannel)[com.chekayo.feishuantirecall,FeishuKit,4c1c-1a10d0213cd-2-3a,0,1] HookRuntime: installed antiread2.sendreq.com.bytedance.lark.pb.im.v1.SendMessageRequest#0 -> com.bytedance.lark.pb.im.v1.SendMessageRequest#<init>(java.lang.String,java.lang.Long,java.lang.String,java.lang.Integer)
10-06 01:00:02.433 I/LSPosedFramework(19484): (com.ss.android.lark:wschannel)[com.chekayo.feishuantirecall,FeishuKit,4c1c-1a10d0213cd-2-3b,0,1] HookRuntime: installed antiread2.sendreq.com.bytedance.lark.pb.im.v1.SendMessageRequest#1 -> com.bytedance.lark.pb.im.v1.SendMessageRequest#<init>(java.lang.String,java.lang.Long,java.lang.String,java.lang.Integer,okio.ByteString)
10-06 01:00:02.433 I/LSPosedFramework(19484): (com.ss.android.lark:wschannel)[com.chekayo.feishuantirecall,FeishuKit,4c1c-1a10d0213cd-2-3c,0,1] HookRuntime: hookAllConstructors com.bytedance.lark.pb.im.v1.SendMessageRequest matched 2
10-06 01:00:02.433 I/LSPosedFramework(19484): (com.ss.android.lark:wschannel)[com.chekayo.feishuantirecall,FeishuKit,4c1c-1a10d0213cd-2-3d,0,1] [antiread] antiread2: 发送开窗 hook com.bytedance.lark.pb.im.v1.SendMessageRequest
10-06 01:00:02.434 I/LSPosedFramework(19484): (com.ss.android.lark:wschannel)[com.chekayo.feishuantirecall,FeishuKit,4c1c-1a10d0213cd-2-3e,0,1] HookRuntime: installed antiread2.sendreq.com.bytedance.lark.pb.im.v1.CreateQuasiMessageRequest#0 -> com.bytedance.lark.pb.im.v1.CreateQuasiMessageRequest#<init>(com.bytedance.lark.pb.basic.v1.Message$Type,java.lang.String,com.bytedance.lark.pb.basic.v1.QuasiContent,java.lang.String,java.lang.String,java.lang.Boolean,java.lang.Long,com.bytedance.lark.pb.basic.v1.Channel,java.lang.String,java.lang.String,java.lang.Boolean,java.lang.Integer,java.lang.String,java.lang.Boolean,com.bytedance.lark.pb.basic.v1.CreateScene,java.lang.Long,java.lang.Long,com.bytedance.lark.pb.basic.v1.AIInfoContext,java.lang.Boolean,com.bytedance.lark.pb.basic.v1.Message$PartialReplyInfo,java.lang.Boolean,java.lang.Boolean,java.lang.Boolean,com.bytedance.lark.pb.basic.v1.LarkAgentContext,java.lang.Long,com.bytedance.lark.pb.im.v1.QuasiMessageExtraData,java.lang.Boolean)
10-06 01:00:02.434 I/LSPosedFramework(19484): (com.ss.android.lark:wschannel)[com.chekayo.feishuantirecall,FeishuKit,4c1c-1a10d0213cd-2-3f,0,1] HookRuntime: installed antiread2.sendreq.com.bytedance.lark.pb.im.v1.CreateQuasiMessageRequest#1 -> com.bytedance.lark.pb.im.v1.CreateQuasiMessageRequest#<init>(com.bytedance.lark.pb.basic.v1.Message$Type,java.lang.String,com.bytedance.lark.pb.basic.v1.QuasiContent,java.lang.String,java.lang.String,java.lang.Boolean,java.lang.Long,com.bytedance.lark.pb.basic.v1.Channel,java.lang.String,java.lang.String,java.lang.Boolean,java.lang.Integer,java.lang.String,java.lang.Boolean,com.bytedance.lark.pb.basic.v1.CreateScene,java.lang.Long,java.lang.Long,com.bytedance.lark.pb.basic.v1.AIInfoContext,java.lang.Boolean,com.bytedance.lark.pb.basic.v1.Message$PartialReplyInfo,java.lang.Boolean,java.lang.Boolean,java.lang.Boolean,com.bytedance.lark.pb.basic.v1.LarkAgentContext,java.lang.Long,com.bytedance.lark.pb.im.v1.QuasiMessageExtraData,java.lang.Boolean,okio.ByteString)
10-06 01:00:02.435 I/LSPosedFramework(19484): (com.ss.android.lark:wschannel)[com.chekayo.feishuantirecall,FeishuKit,4c1c-1a10d0213cd-2-40,0,1] HookRuntime: hookAllConstructors com.bytedance.lark.pb.im.v1.CreateQuasiMessageRequest matched 2
10-06 01:00:02.435 I/LSPosedFramework(19484): (com.ss.android.lark:wschannel)[com.chekayo.feishuantirecall,FeishuKit,4c1c-1a10d0213cd-2-41,0,1] [antiread] antiread2: 发送开窗 hook com.bytedance.lark.pb.im.v1.CreateQuasiMessageRequest
10-06 01:00:02.435 I/LSPosedFramework(19484): (com.ss.android.lark:wschannel)[com.chekayo.feishuantirecall,FeishuKit,4c1c-1a10d0213cd-2-42,0,1] [antiread] antiread2 installed: hook com.bytedance.lark.pb.im.v1.UpdateMessagesMeReadRequest ctor (antiread=true, 回复才已读)
10-06 01:00:02.435 I/LSPosedFramework(19484): (com.ss.android.lark:wschannel)[com.chekayo.feishuantirecall,FeishuKit,4c1c-1a10d0213cd-2-43,0,1] [antirecall] 新版飞书: ax2.b.a(Object,int) 不存在, 仅走 native SQL 层 (new mode)
10-06 01:00:02.439 I/LSPosedFramework(19484): (com.ss.android.lark:wschannel)[com.chekayo.feishuantirecall,FeishuKit,4c1c-1a10d0213cd-2-44,0,1] HookRuntime: installed migration.onActivityResult#0 -> android.app.Activity#onActivityResult(int,int,android.content.Intent)
10-06 01:00:02.440 I/LSPosedFramework(19484): (com.ss.android.lark:wschannel)[com.chekayo.feishuantirecall,FeishuKit,4c1c-1a10d0213cd-2-45,0,1] HookRuntime: installed migration.onActivityResult#1 -> android.app.Activity#onActivityResult(int,int,android.content.Intent,android.app.ComponentCaller)
10-06 01:00:02.440 I/LSPosedFramework(19484): (com.ss.android.lark:wschannel)[com.chekayo.feishuantirecall,FeishuKit,4c1c-1a10d0213cd-2-46,0,1] HookRuntime: hookAllMethods android.app.Activity#onActivityResult matched 2
10-06 01:00:02.441 I/LSPosedFramework(19484): (com.ss.android.lark:wschannel)[com.chekayo.feishuantirecall,FeishuKit,4c1c-1a10d0213cd-2-47,0,1] HookRuntime: installed fucklarksettings.settingpage#0 -> com.ss.android.lark.setting.page.function.SettingPageFragment#onResume()
10-06 01:00:02.441 I/LSPosedFramework(19484): (com.ss.android.lark:wschannel)[com.chekayo.feishuantirecall,FeishuKit,4c1c-1a10d0213cd-2-48,0,1] [fucklark] 已 hook 设置页 com.ss.android.lark.setting.page.function.SettingPageFragment
10-06 01:00:02.442 I/LSPosedFramework(19484): (com.ss.android.lark:wschannel)[com.chekayo.feishuantirecall,FeishuKit,4c1c-1a10d0213cd-2-49,0,1] HookRuntime: installed profilecapture.onCreate -> com.ss.android.lark.profile.func.v3.userprofile.UserProfileActivityV3#onCreate(android.os.Bundle)
10-06 01:00:02.442 I/LSPosedFramework(19484): (com.ss.android.lark:wschannel)[com.chekayo.feishuantirecall,FeishuKit,4c1c-1a10d0213cd-2-4a,0,1] [fucklark] ProfileCapture hooked UserProfileActivityV3.onCreate
10-06 01:00:03.205 I/LSPosedFramework(19484): (com.ss.android.lark:wschannel)[com.chekayo.feishuantirecall,FeishuKit,4c1c-1a10d0213cd-2-4b,0,1] [fucklark] config bridge bound pkg=com.ss.android.lark
10-06 01:00:05.803 I/LSPosedFramework(15107): (com.ss.android.lark)[com.chekayo.feishuantirecall,FeishuKit,3b03-1a10d01f9cd-572-55,0,1] [antirecall] native hook installed (after 0 tries)
