# §4 native 回归（restart1/restart3 原始行 + 新代进程线程核对）
10-06 00:59:55.671 D/nativeloader(18333): Configuring clns-shared-10 for other apk /system_ext/app/workloadclassifier/workloadclassifier.apk. target_sdk_version=36, uses_libraries=, library_path=/system_ext/app/workloadclassifier/lib/arm64:/system/lib64:/system_ext/lib64, permitted_path=/data:/mnt/expand:/data/user/0/com.qualcomm.qti.workloadclassifier:/system_ext/app/workloadclassifier:/system/lib64:/system_ext/lib64
10-06 00:59:55.731 D/nativeloader(15107): Configuring clns-10 for other apk /data/app/…/com.ss.android.lark-…/base.apk. target_sdk_version=35, uses_libraries=, library_path=/data/app/…/com.ss.android.lark-…/lib/arm64:/data/app/…/com.ss.android.lark-…/base.apk!/lib/arm64-v8a, permitted_path=/data:/mnt/expand:/data/user/0/com.ss.android.lark
10-06 00:59:55.755 W/System  (15107): Attempt to load writable file: /data/data/com.ss.android.lark/antirecall/libantirecall.so. This will throw on a future Android version. Current sdk version: 37
10-06 00:59:55.755 D/nativeloader(15107): Configuring clns-11 for other apk . target_sdk_version=35, uses_libraries=ALL, library_path=/data/app/…/com.chekayo.feishuantirecall-…/base.apk!/lib/arm64-v8a, permitted_path=/data:/mnt/expand
10-06 00:59:55.756 D/nativeloader(15107): Load /data/data/com.ss.android.lark/antirecall/libantirecall.so using isolated ns clns-11 (caller=Anonymous-DexFile@860452142): ok
10-06 00:59:55.783 D/nativeloader(15107): Load /data/app/…/com.ss.android.lark-…/lib/arm64/libc++_shared.so using class loader ns clns-10 (caller=/data/app/…/com.ss.android.lark-…/base.apk!classes59.dex): ok
10-06 00:59:55.784 D/nativeloader(15107): Load /data/app/…/com.ss.android.lark-…/lib/arm64/libmmkv.so using class loader ns clns-10 (caller=/data/app/…/com.ss.android.lark-…/base.apk!classes59.dex): ok
10-06 00:59:55.786 D/nativeloader(15107): Load /data/app/…/com.ss.android.lark-…/lib/arm64/libalog.so using class loader ns clns-10 (caller=/data/app/…/com.ss.android.lark-…/base.apk!classes59.dex): ok
10-06 00:59:55.787 D/nativeloader(15107): Load /data/app/…/com.ss.android.lark-…/lib/arm64/libnpth.so using class loader ns clns-10 (caller=/data/app/…/com.ss.android.lark-…/base.apk!classes59.dex): ok
10-06 00:59:55.831 D/nativeloader(15107): Load /data/app/…/com.ss.android.lark-…/lib/arm64/libgodzilla-sysopt.so using class loader ns clns-10 (caller=/data/app/…/com.ss.android.lark-…/base.apk!classes59.dex): ok
10-06 00:59:55.840 D/nativeloader(15107): Load /data/app/…/com.ss.android.lark-…/lib/arm64/liblark.so using class loader ns clns-10 (caller=/data/app/…/com.ss.android.lark-…/base.apk!classes59.dex): ok
10-06 00:59:55.841 D/nativeloader(15107): Load /data/app/…/com.ss.android.lark-…/lib/arm64/libmetasec_ml.so using class loader ns clns-10 (caller=/data/app/…/com.ss.android.lark-…/base.apk!classes59.dex): ok
10-06 00:59:55.847 D/nativeloader(15107): Load /data/app/…/com.ss.android.lark-…/lib/arm64/libsscronet.so using class loader ns clns-10 (caller=/data/app/…/com.ss.android.lark-…/base.apk!classes59.dex): ok
10-06 00:59:55.855 D/nativeloader(15107): Load /data/app/…/com.ss.android.lark-…/lib/arm64/libflipped.so using class loader ns clns-10 (caller=/data/app/…/com.ss.android.lark-…/base.apk!classes59.dex): ok
10-06 00:59:55.885 D/nativeloader(15107): Load /data/app/…/com.ss.android.lark-…/lib/arm64/libshadowhook.so using class loader ns clns-10 (caller=/data/app/…/com.ss.android.lark-…/base.apk!classes59.dex): ok
10-06 00:59:55.889 D/nativeloader(15107): Load /data/app/…/com.ss.android.lark-…/lib/arm64/libbytehook.so using class loader ns clns-10 (caller=/data/app/…/com.ss.android.lark-…/base.apk!classes59.dex): ok
10-06 00:59:55.889 D/nativeloader(15107): Load /data/app/…/com.ss.android.lark-…/lib/arm64/libnativeaudio.so using class loader ns clns-10 (caller=/data/app/…/com.ss.android.lark-…/base.apk!classes59.dex): ok
10-06 00:59:55.889 D/PV-MON  (15107): JNI_OnLoad
10-06 00:59:55.904 D/nativeloader(15107): Load /data/app/…/com.ss.android.lark-…/lib/arm64/libmonitorcollector-lib.so using class loader ns clns-10 (caller=/data/app/…/com.ss.android.lark-…/base.apk!classes59.dex): ok
10-06 00:59:55.915 W/System  (15107): Attempt to load writable file: /data/user/0/com.ss.android.lark/resign_tracker_lib/libresign.so. This will throw on a future Android version. Current sdk version: 37
--- 新代(61b1) native 相关 ---
[ 2026-10-06T01:08:58.694    10358: 25009: 27573 I/LSPosedFramework ] (com.ss.android.lark)[com.chekayo.feishuantirecall,FeishuKit,61b1-1a10d0a4201-644-4b,0,1] LarkResign: native loaded /data/user/0/com.ss.android.lark/resign_tracker_lib/libresign.so uid=<uid-hash>
[ 2026-10-06T01:08:58.727    10358: 25009: 27720 I/LSPosedFramework ] (com.ss.android.lark)[com.chekayo.feishuantirecall,FeishuKit,61b1-1a10d0a4201-6a7-4c,0,1] LarkResign: nativeInit done, 等待 contact.db 句柄...
[ 2026-10-06T01:08:59.230    10358: 25009: 27720 I/LSPosedFramework ] (com.ss.android.lark)[com.chekayo.feishuantirecall,FeishuKit,61b1-1a10d0a4201-6a7-52,0,1] LarkResign: 离职快照=59 累计=59 uid=<uid-hash> -> /data/user/0/com.ss.android.lark/files/accounts/<uid-hash>/resign_tracker/resigned_all.json
[ 2026-10-06T01:08:59.984    10358: 25009: 27720 I/LSPosedFramework ] (com.ss.android.lark)[com.chekayo.feishuantirecall,FeishuKit,61b1-1a10d0a4201-6a7-53,0,1] LarkResign: V3富资料 dump=369 并入=369 -> /data/user/0/com.ss.android.lark/files/accounts/<uid-hash>/resign_tracker/profiles.json
[ 2026-10-06T01:09:00.786    10358: 25009: 27720 I/LSPosedFramework ] (com.ss.android.lark)[com.chekayo.feishuantirecall,FeishuKit,61b1-1a10d0a4201-6a7-54,0,1] LarkResign: 全量花名册 dump=660 并入=660 uid=<uid-hash> -> /data/user/0/com.ss.android.lark/files/accounts/<uid-hash>/resign_tracker/profiles.json
[ 2026-10-06T01:09:08.642    10358: 25009: 27571 I/LSPosedFramework ] (com.ss.android.lark)[com.chekayo.feishuantirecall,FeishuKit,61b1-1a10d0a4201-643-55,0,1] [antirecall] native hook installed (after 0 tries)
[ 2026-10-06T01:11:04.342    10358: 25009: 27720 I/LSPosedFramework ] (com.ss.android.lark)[com.chekayo.feishuantirecall,FeishuKit,61b1-1a10d0a4201-6a7-56,0,1] LarkResign: 离职快照=59 累计=59 uid=<uid-hash> -> /data/user/0/com.ss.android.lark/files/accounts/<uid-hash>/resign_tracker/resigned_all.json
[ 2026-10-06T01:11:10.045    10358: 25009: 27720 I/LSPosedFramework ] (com.ss.android.lark)[com.chekayo.feishuantirecall,FeishuKit,61b1-1a10d0a4201-6a7-57,0,1] LarkResign: V3富资料 dump=369 并入=369 -> /data/user/0/com.ss.android.lark/files/accounts/<uid-hash>/resign_tracker/profiles.json
--- 新代主进程(25009) /proc 线程名命中 ---
antirecall-inst / lark-resign-tra 各 1 条存活（= installer 常驻 + resign tracker 线程）
